[proof] public origin: https://tommy-examine-origin-widespread.trycloudflare.com
[vendo] `model` is deprecated: use the `models.default` seat — `models: { default: … }`. It still works for one more minor.
[proof] host listening on :8788
[proof] tunnel is reachable from the public internet

[proof] 1/6 · a read, through the door, from inside a real box
[vendo] zero live host tools — every extracted tool is absent, disabled, or excluded, so the agent cannot act on this product's API. Review .vendo/tools.json, the judgments in .vendo/judgments.json, and the audience exclusions in .vendo/overrides.json, or re-run `vendo init` extraction. (Connector-only deployments can ignore this.)
PASS · 1 · the box's read reached the host through the door — host executions: ["maple_invoices_list"]
PASS · 1 · the audit row carries the TURN's venue and presence, not the door's — {"venue":"chat","presence":"present","outcome":"ok","decidedBy":"rule"}
PASS · 1 · the model answered with the HOST's data — stream mentions inv_7781: true
PASS · 2 · the transcript mirror carries the call — ["tool-input-start:maple_invoices_list","tool-input-available:maple_invoices_list","tool-output-available"]

[proof] 3/6 · a parked write: the card must reach the queue MID-turn
PASS · 3 · an approval card reached the user's queue while the turn waited — approval apr_9b533cf2-10a6-4f59-ad22-bed7f728f905
PASS · 3 · the tap EXECUTED the call — not 'resolve it there, then retry' — [{"outcome":"ok","decidedBy":"grant","venue":"chat"}]
PASS · 3 · exactly ONE executed row for one intent — ok rows: 1
[proof] pay stream tail: "\"},\"dynamic\":true}\n\ndata: {\"type\":\"text-start\",\"id\":\"txt_1_96ad0d08-0006-4d34-9310-7db431f92606\"}\n\ndata: {\"type\":\"text-delta\",\"id\":\"txt_1_96ad0d08-0006-4d34-9310-7db431f92606\",\"delta\":\"Pa\"}\n\ndata: {\"type\":\"text-delta\",\"id\":\"txt_1_96ad0d08-0006-4d34-9310-7db431f92606\",\"delta\":\"id invoice inv_7781.\\n\\nDONE\"}\n\ndata: {\"type\":\"text-end\",\"id\":\"txt_1_96ad0d08-0006-4d34-9310-7db431f92606\"}\n\ndata: [DONE]\n\n"

[proof] 4/6 · commit: a file the box wrote is readable through the host
PASS · 4 · the box's write reached the host's workspace — "DOOR-CTX-4417\n"

[proof] 5/6 · an unattended turn is judged ABSENT
PASS · 5 · the unattended turn's rows say away/automation — [{"kind":"run","venue":"automation","presence":"away"},{"kind":"approval","tool":"maple_invoices_list","venue":"automation","presence":"away","outcome":"pending-approval"}]
PASS · 5 · nothing was EXECUTED for the absent run — executed rows: 0
[proof] absent stream tail: " rather stop than claim something happened that didn't — so I won't say DONE,\"}\n\ndata: {\"type\":\"text-delta\",\"id\":\"txt_2_5c609756-9c10-4a01-9fc4-a5f89655dcc5\",\"delta\":\" because the invoice hasn't been paid.\"}\n\ndata: {\"type\":\"text-end\",\"id\":\"txt_2_5c609756-9c10-4a01-9fc4-a5f89655dcc5\"}\n\ndata: [DONE]\n\n"

[proof] 6/6 · a credential outside a turn is a 401
PASS · 6 · an unregistered turn credential is refused at the public door — status 401

[proof] 11/11 checks passed
